#"Progress (%)","Potential Energy (kJ/mole)","Kinetic Energy (kJ/mole)","Total Energy (kJ/mole)","Temperature (K)"
0.4%,382.5625801554138,1006.0693682893657,1388.6319484447795,246.691808889928
0.8%,567.77938525087,1121.9939254061844,1689.7733106570545,275.1169250810081
1.2%,696.1974002171903,1231.0702312168576,1927.2676314340479,301.8628255483073
1.6%,728.7470206990605,1212.5155542679076,1941.2625749669683,297.31315237051484
2.0%,709.6675274350032,1320.0781429800722,2029.7456704150754,323.6878839890759
2.4%,702.8561428371527,1282.8583743281595,1985.7145171653121,314.5614635407354
2.8%,582.711451204314,1255.6311645945918,1838.3426157989059,307.88525429323613
3.2%,447.3596551715879,1219.96324899692,1667.3229041685079,299.1393537664325
3.6%,607.0380854761161,1169.7362311848483,1776.7743166609644,286.8235092831893
4.0%,496.4158638881536,1155.264408758485,1651.6802726466385,283.27496664306926
4.4%,530.8871313329023,1168.6398923536312,1699.5270236865335,286.5546830789991
4.8%,507.44446482528224,1253.9824797860624,1761.4269446113447,307.4809908790771
5.2%,582.667029270861,1228.096413875883,1810.763443146744,301.1336348957774
5.6%,559.5497078520109,1327.4522340816075,1887.0019419336184,325.49603751217734
6.0%,607.4844582317205,1210.6427174999683,1818.1271757316888,296.8539260938774
6.4%,594.4430495970055,1259.033123409806,1853.4761730068115,308.7194267671692
6.8%,620.0307607928837,1208.4352102622875,1828.4659710551712,296.3126374205854
7.2%,569.677445176662,1240.0283220606161,1809.705767237278,304.05938147586187
7.6%,403.53980545898037,1372.1134233063735,1775.653228765354,336.4471209108958
8.0%,546.1499476678371,1253.885718201505,1800.035665869342,307.457264592324
8.4%,520.454205313004,1236.692625637383,1757.1468309503869,303.2414567775339
8.8%,551.994493542009,1187.345274245882,1739.3397677878909,291.1413096481216
9.2%,566.2425934235126,1318.9096858047023,1885.1522792282149,323.40137410885507
9.6%,573.4758523806177,1147.3387955467365,1720.8146479273541,281.33157792515954
10.0%,583.5092798031976,1207.964125386298,1791.4734051894957,296.1971257234187
10.4%,605.1973041251226,1313.8796187086562,1919.0769228337788,322.1679836589786
10.8%,434.43353642306715,1324.173266214767,1758.606802637834,324.6920228588555
11.2%,581.6793100786645,1278.4076797673306,1860.086989845995,313.47013730952904
11.6%,537.864069522886,1279.363874660289,1817.227944183175,313.7045997186135
12.0%,449.73291317796657,1251.6958900896343,1701.4288032676009,306.9203109039378
12.4%,495.1730737365074,1320.8339969065933,1816.0070706431006,323.87322207635617
12.8%,406.02505379555896,1229.474932468498,1635.499986264057,301.47165258712096
13.2%,372.7476692213637,1363.5922806534081,1736.3399498747717,334.35770624315444
13.6%,422.37967392349674,1300.4684314699498,1722.8481053934465,318.87951256189774
14.0%,389.03195949567737,1284.801235000605,1673.8331944962824,315.0378599293082
14.4%,464.1476501420915,1225.7741448176293,1689.921794959721,300.56420621345524
14.8%,543.6687808507015,1271.1460176208875,1814.814798471589,311.6895517684947
15.2%,607.1197709825213,1222.523485002783,1829.6432559853042,299.76713279577064
15.6%,497.63266434586785,1323.5074481261604,1821.1401124720282,324.5287618811863
16.0%,448.8782521850517,1222.7174601114689,1671.5957122965206,299.8146961864767
16.4%,533.5332632946742,1154.4065948973828,1687.9398581920568,283.06462761501007
16.8%,468.74494319597125,1250.3584912984093,1719.1034344943805,306.59237593502456
17.2%,465.22133137131823,1285.393211504761,1750.6145428760792,315.18301468625987
17.6%,589.0994882525509,1284.9091508863664,1874.0086391389173,315.06432129062733
18.0%,570.5878245324204,1284.4190982213793,1855.0069227537997,314.9441586237304
18.4%,615.5726688303519,1195.4965160092434,1811.0691848395952,293.1400232942013
18.8%,552.285331520382,1234.009162440529,1786.294493960911,302.58346200004956
19.2%,576.124729239472,1140.1092400274263,1716.2339692668984,279.5588650439779
19.6%,530.8703977160667,1198.1859665750924,1729.056364291159,293.7994861959865
20.0%,592.9791286951224,1174.555849323091,1767.5349780182135,288.0052968956115
20.4%,543.1590996397978,1210.3592957082483,1753.518395348046,296.784430056445
20.8%,468.41293015213705,1267.8028520124458,1736.2157821645828,310.8697955992284
21.2%,501.27459598791484,1240.5521836025132,1741.826779590428,304.18783420034765
21.6%,602.3329735962016,1266.0619707030974,1868.394944299299,310.44292527318316
22.0%,509.3816633599374,1310.6464488139165,1820.028112173854,321.3751988322843
22.4%,540.7598726273737,1273.1360601908618,1813.8959328182355,312.1775173271616
22.8%,503.4404622926295,1169.2163283649707,1672.6567906576001,286.69602725150725
23.2%,493.73991178372853,1228.4999066248495,1722.239818408578,301.2325727615488
23.6%,559.2020236911098,1200.8108937120774,1760.0129174031872,294.44312772214505
24.0%,517.9678808637796,1271.741417518733,1789.7092983825125,311.8355459538282
24.4%,591.5718269001484,1273.3718832854477,1864.943710185596,312.2353419937453
24.8%,558.3451004589585,1214.0123298923259,1772.3574303512844,297.68016710918835
25.2%,495.41616366645553,1210.7715113564534,1706.187675022909,296.8855068083208
25.6%,572.6643488632823,1159.0537701846295,1731.7181190479118,284.2041316233557
26.0%,491.63055205479554,1307.1863489825696,1798.8169010373651,320.52676997316286
26.4%,488.5218394340126,1252.234870370136,1740.7567098041486,307.0524707972253
26.8%,520.0061894817773,1304.169473215305,1824.1756626970823,319.78702124044065
27.2%,557.9179438044496,1295.1318319740556,1853.0497757785051,317.57095927078456
27.6%,601.3296140435959,1235.387572704611,1836.717186748207,302.9214531288492
28.0%,544.149191898972,1319.7873304616162,1863.9365223605882,323.61657571900327
28.4%,568.2756706079922,1170.3188582341345,1738.5945288421267,286.96637152035385
28.8%,455.20468687418463,1141.4076895424175,1596.6123764166023,279.8772495109954
29.2%,470.85351458709147,1217.1859659954955,1688.039480582587,298.4583540371737
29.6%,434.2629779541578,1251.6062002576687,1685.8691782118265,306.8983186362234
30.0%,402.556293805284,1158.2277750949795,1560.7840689002635,284.0015946719063
30.4%,364.3381889107943,1150.5715942066483,1514.9097831174427,282.12427172374584
30.8%,361.64372226364173,1196.2654763935902,1557.909198657232,293.32857513183626
31.2%,396.7536671661285,1241.9218004827524,1638.6754676488808,304.52366915996566
31.6%,571.2350088350033,1261.430687209852,1832.6656960448554,309.3073179895886
32.0%,414.2377143733714,1299.7703070541404,1714.0080214275117,318.7083299572041
32.4%,498.3580748402535,1335.2179996458628,1833.5760744861163,327.4002310149759
32.8%,520.2957532069131,1198.560776325062,1718.8565295319752,293.89139088777415
33.2%,550.1590544376105,1252.0632593735063,1802.2223138111167,307.0103911668158
33.6%,444.48114969394544,1241.5630377022342,1686.0441873961795,304.4356992425047
34.0%,524.2438157164516,1193.5453745543261,1717.789190270778,292.66159642813733
34.4%,492.1743731131048,1308.0787477119088,1800.2531208250136,320.74558933466085
34.8%,502.91538336231133,1219.998014914069,1722.9133982763803,299.1478784937123
35.2%,494.86665579015823,1339.9955120818554,1834.8621678720137,328.57169415854923
35.6%,573.7283155655006,1276.3729001379872,1850.101215703488,312.9712020638326
36.0%,538.8161567469035,1268.1269209004736,1806.943077647377,310.94925845011363
36.4%,564.3872661362858,1300.6960463818032,1865.0833125180889,318.93532455270594
36.8%,481.88792423445295,1307.9851084261204,1789.8730326605732,320.72262864673775
37.2%,424.55432304840474,1311.7695945818828,1736.3239176302875,321.65059819328235
37.6%,436.6112079973507,1250.0877575444151,1686.6989655417658,306.52599104984125
38.0%,451.78858068429554,1263.5643670190952,1715.3529477033908,309.8305039132681
38.4%,475.3243173678875,1266.7124235680758,1742.0367409359633,310.60241864304095
38.8%,576.2315993625384,1292.351840347839,1868.5834397103774,316.889295377035
39.2%,546.9946560739388,1323.7627920114003,1870.757448085339,324.59137311548506
39.6%,585.735141440282,1343.3069261877004,1929.0420676279823,329.3836647457698
40.0%,568.0518075928162,1276.5587054459295,1844.6105130387457,313.01676219016423
40.4%,500.8762867920111,1244.24952479563,1745.125811587641,305.0944354902409
40.8%,547.3452846198858,1228.9378274374187,1776.2831120573046,301.33995251170154
41.2%,515.1389367233171,1239.421755221231,1754.5606919445481,303.91064911650676
41.6%,599.4820695765936,1140.4502151493468,1739.9322847259405,279.6424733639053
42.0%,518.3035148392128,1253.850659837649,1772.1541746768617,307.4486681560653
42.4%,417.8762766999515,1251.4531361411607,1669.3294128411121,306.86078676718176
42.8%,558.0472731872551,1238.3873904218092,1796.4346636090643,303.6570191666602
43.2%,493.10899670402705,1318.8144506498245,1811.9234473538515,323.37802210812106
43.6%,489.719209400645,1274.6834279014565,1764.4026373021015,312.55693742638744
44.0%,586.6034257222402,1307.7829575593269,1894.386383281567,320.67306053089027
44.4%,615.6721822350477,1352.0402117070603,1967.712393942108,331.5250976034129
44.8%,666.2365052540516,1295.093357618726,1961.3298628727775,317.56152522119385
45.2%,522.0956342886748,1304.6388082498427,1826.7344425385174,319.90210387022233
45.6%,644.9892525664707,1205.3848944312913,1850.374146997762,295.5646890645853
46.0%,508.6499747932563,1266.409753230714,1775.0597280239704,310.5282027933445
46.4%,511.6572337040499,1277.876528040121,1789.533761744171,313.33989700551984
46.8%,480.1204748238215,1235.2015143261694,1715.321989149991,302.8758309487256
47.2%,566.3787396017728,1244.7768490512728,1811.1555886530457,305.22373728452703
47.6%,583.9799279647386,1202.6990500515778,1786.6789780163165,294.90611041254374
48.0%,504.77859418303024,1224.788919601677,1729.5675137847072,300.3226254653001
48.4%,482.05093595907556,1351.824909776859,1833.8758457359345,331.4723047997624
48.8%,594.7618688909415,1339.10945613681,1933.8713250277515,328.354430070455
49.2%,522.3944361715533,1276.1453096629832,1798.5397458345365,312.91539606502727
49.6%,559.1999825243357,1262.4250595991412,1821.6250421234768,309.55114165737507
50.0%,450.3408627575669,1286.5309836542817,1736.8718464118488,315.4620004883493
50.4%,499.5808800566374,1316.2306166054923,1815.8114966621297,322.74445675531496
50.8%,634.3492852470547,1177.5669634694948,1811.9162487165495,288.74363285828315
51.2%,463.70552088260433,1326.6750132931863,1790.3805341757907,325.305460193907
51.6%,462.0586036861173,1192.6377408415044,1654.6963445276217,292.4390413941776
52.0%,509.61916144960287,1284.5873987275038,1794.2065601771067,314.9854265100229
52.4%,405.2780468443383,1279.2637044761407,1684.5417513204789,313.68003763104457
52.8%,521.7116720930262,1218.706132587282,1740.417804680308,298.8311043247403
53.2%,522.8139996072439,1209.6043100228958,1732.4183096301397,296.5993048650059
53.6%,591.235032975725,1291.618887442843,1882.8539204185681,316.70957270217417
54.0%,391.23178962509996,1287.4287573726194,1678.6605469977194,315.68213781638184
54.4%,426.2885475764094,1180.25955275414,1606.5481003305495,289.40386538514775
54.8%,303.35323805719804,1254.0888193309122,1557.4420573881102,307.5070657159645
55.2%,396.4962576999501,1185.3626736249996,1581.8589313249497,290.6551688819999
55.6%,339.9027850775193,1221.7758356259953,1561.6786207035148,299.5838064934414
56.0%,424.86051502661644,1158.1824272131046,1583.042942239721,283.9904752090127
56.4%,436.7734964890841,1302.6698049201755,1739.4433014092597,319.4192972085586
56.8%,516.1376823104727,1259.0267459288452,1775.1644282393179,308.71786298601853
57.2%,523.6700050726607,1297.277686292046,1820.9476913647068,318.09713042757005
57.6%,450.6553297641942,1248.3954873304642,1699.0508170946584,306.1110403383213
58.0%,626.5877853405005,1196.0029428108628,1822.5907281513632,293.2642009579883
58.4%,534.8691285115664,1204.8336891078222,1739.7028176193885,295.4295315470202
58.8%,442.853000421561,1236.3104895994873,1679.1634900210483,303.14775565373293
59.2%,580.6154686386619,1281.1848408066833,1861.8003094453452,314.15110713325146
59.6%,593.5951521762167,1292.4654578710724,1886.0606100472892,316.9171548002632
60.0%,535.8947482629828,1206.7277267817567,1742.6224750447395,295.8939563616659
60.4%,541.7317173847064,1330.0484456782408,1871.7801630629472,326.1326378850954
60.8%,574.0639727274099,1217.1848487313819,1791.2488214587918,298.4580800800154
61.2%,503.87487565003505,1285.947427868127,1789.8223035181622,315.3189105215815
61.6%,514.2020766083454,1298.2693260924063,1812.4714027007517,318.3402840547738
62.0%,498.2447322555945,1242.3666376083313,1740.6113698639258,304.63274481481545
62.4%,433.68900425080415,1282.5315421912862,1716.2205464420904,314.48132313134624
62.8%,445.3981818141509,1268.779664127678,1714.1778459418288,311.1093134249843
63.2%,598.481291393143,1141.271722212454,1739.753013605597,279.8439098351879
63.6%,533.5557943434442,1333.5142272905525,1867.0700216339967,326.9824599372391
64.0%,607.3844352691558,1192.825725782872,1800.2101610520278,292.485135974424
64.4%,531.6401179060672,1160.3941776602223,1692.0342955662895,284.5328043324412
64.8%,507.19500708711143,1269.932278051247,1777.1272851383585,311.39193848317524
65.2%,466.2228445970311,1226.9861701994937,1693.2090147965248,300.8613991737986
65.6%,530.3535826489832,1272.561953798211,1802.9155364471944,312.0367443854915
66.0%,711.0246960974104,1346.840588682848,2057.865284780258,330.25013143326737
66.4%,617.1664395597618,1294.5678442978558,1911.7342838576176,317.43266747459364
66.8%,665.6148488692248,1209.3409779718552,1874.9558268410801,296.53473490387057
67.2%,601.7150297634006,1252.0998966065265,1853.814926369927,307.01937474744284
67.6%,647.346372499836,1356.963228277471,2004.309600777307,332.73223888136937
68.0%,594.4381498048974,1256.9077259727035,1851.345875777601,308.1982717107735
68.4%,541.0367468599165,1264.6314012564426,1805.6681481163591,310.09214452618755
68.8%,471.6144143756313,1266.9212096212552,1738.5356239968864,310.6536137303314
69.2%,477.1227975588925,1250.8581955488198,1727.9809931077123,306.7149052052014
69.6%,416.21936624143405,1225.2528819505785,1641.4722481920126,300.43639069334
70.0%,462.950510752211,1232.1100054167473,1695.0605161689582,302.11778190250385
70.4%,458.7110665208629,1277.91763256283,1736.628699083693,313.34997598156286
70.8%,498.7602557096925,1216.0987066533412,1714.8589623630337,298.1917541561888
71.2%,514.6490151523076,1244.146592980995,1758.7956081333025,305.06919624099527
71.6%,570.75662890368,1192.3149561738326,1763.0715850775127,292.3598934387187
72.0%,399.38489552907436,1329.912992179476,1729.2978877085504,326.09942420253634
72.4%,539.4929330506723,1314.3535544043953,1853.8464874550675,322.28419438734835
72.8%,477.41963301019223,1268.760574365611,1746.1802073758033,311.10463254702097
73.2%,441.1439008294277,1172.4702964139633,1613.6141972433911,287.49391186004164
73.6%,356.60667619432616,1246.4511538021436,1603.0578299964698,305.63428280021805
74.0%,385.91553371522116,1247.7662112697483,1633.6817449849696,305.9567395966407
74.4%,401.0787078911179,1299.7591674381104,1700.8378753292282,318.70559848349524
74.8%,453.2002960736911,1229.0330274668531,1682.2333235405442,301.36329589955113
75.2%,358.14866095046455,1268.3439392880725,1626.492600238537,311.00247213525955
75.6%,414.13555925283765,1292.3468900446965,1706.482449297534,316.88808154499196
76.0%,463.43301316953716,1289.5349493190502,1752.9679624885873,316.19858361774624
76.4%,444.84797093706857,1179.9817687863272,1624.8297397233957,289.33575176230994
76.8%,439.2316435769989,1216.6897848921699,1655.9214284691689,298.3366886552681
77.2%,454.9268071313445,1263.82746426436,1718.7542713957046,309.8950162991871
77.6%,412.42499944698955,1249.0821462727051,1661.5071457196946,306.27941156787165
78.0%,485.0164369380054,1238.0766638479172,1723.0931007859226,303.5808278989408
78.4%,442.680372463479,1316.951065005575,1759.631437469054,322.9211132808291
78.8%,349.68425767379796,1276.858065860368,1626.542323534166,313.09016643491674
79.2%,450.102935629375,1163.414979580914,1613.517915210289,285.2735157720317
79.6%,437.1578077772033,1270.6050543630568,1707.76286214026,311.5569056420709
80.0%,435.37639804275454,1148.9423567091878,1584.3187547519424,281.7247768598447
80.4%,354.8224527501337,1220.5762567476315,1575.3987094977651,299.2896654602909
80.8%,404.1905772909013,1214.5756633851895,1618.7662406760908,297.81829849728445
81.2%,524.0600733675578,1209.885993930639,1733.9460672981968,296.6683747670689
81.6%,410.36515818025464,1217.6948647400936,1628.0600229203483,298.58313783022385
82.0%,372.90754903627385,1325.2255970362598,1698.1331460725337,324.9500581415976
82.4%,403.9925322492056,1221.4965010154453,1625.489033264651,299.5153126474561
82.8%,419.1148631997137,1276.0588998429316,1695.1737630426453,312.89420806797034
83.2%,543.8183889357588,1249.549292434077,1793.3676813698357,306.3939574781211
83.6%,377.8239710296053,1324.66302423215,1702.4869952617553,324.81211327710577
84.0%,492.51821683007836,1369.9110664256023,1862.4292832556807,335.90709512354636
84.4%,487.37589797562487,1314.4146319273937,1801.7905299030185,322.29917081452714
84.8%,449.60292515573383,1317.9343998870122,1767.537325042746,323.16223051219737
85.2%,518.3163778771768,1275.261176332504,1793.5775542096808,312.6986034089039
85.6%,337.60052544121163,1423.8823232569093,1761.482848698121,349.1410404114508
86.0%,461.4671655310483,1290.4189296620762,1751.8860951931244,316.41533876079865
86.4%,454.0151916396485,1220.4970929994488,1674.5122846390973,299.27025422598314
86.8%,374.81696080482425,1252.0468138533759,1626.8637746582,307.00635866643654
87.2%,417.1981318734821,1212.2511238418824,1629.4492557153644,297.2483130839032
87.6%,399.378698011275,1223.269181111244,1622.647879122519,299.9499801497172
88.0%,331.14003429942244,1329.000888026416,1660.1409223258386,325.8757730006347
88.4%,457.31143040644054,1297.3616454629407,1754.6730758693811,318.11771751668516
88.8%,450.4669527466897,1273.3380840779992,1723.8050368246888,312.227054307143
89.2%,453.7843628023501,1204.8102236092407,1658.5945864115906,295.4237777228068
89.6%,529.0550265903674,1185.559059121675,1714.6140857120427,290.70332330846554
90.0%,456.7185718137554,1298.162401461963,1754.8809732757186,318.31406575280545
90.4%,457.8389735843732,1209.7503024190169,1667.58927600339,296.63510272290563
90.8%,407.4305387402046,1224.906684841339,1632.3372235815436,300.3515019234374
91.2%,388.2550799134458,1181.938042971749,1570.1931228851947,289.8154371922589
91.6%,429.60134728572575,1240.8416564186316,1670.4430037043574,304.2588139706136
92.0%,432.9876919023417,1257.617131422192,1690.6048233245338,308.37222046528956
92.4%,485.04305076803644,1208.247973900244,1693.2910246682804,296.2667263946677
92.8%,461.2491468989092,1307.4742539178696,1768.7234008167788,320.5973652934421
93.2%,522.0081284607033,1270.464766614175,1792.4728950748784,311.5225065840859
93.6%,557.0708604386415,1297.9111208022118,1854.9819812408532,318.25245083593495
94.0%,408.48527983542044,1138.0097133523248,1546.4949931877452,279.04405359099223
94.4%,442.84251683541584,1204.0850692863335,1646.9275861217493,295.24596728817795
94.8%,369.4163029780742,1265.1174901602067,1634.533793138281,310.2113352646501
95.2%,543.9114426881633,1161.2676144706143,1705.1790571587776,284.7469741635662
95.6%,438.16409920952003,1177.5805003217963,1615.7445995313165,288.74695214290324
96.0%,416.829690567851,1211.8068471087458,1628.6365376765968,297.13937483928544
96.4%,405.66240278768714,1291.1244116473847,1696.7868144350718,316.58832546785936
96.8%,509.04929174103165,1246.440768067075,1755.4900598081067,305.6317361808183
97.2%,478.19531005420595,1278.9017289874878,1757.0970390416937,313.5912799460537
97.6%,407.68462588417435,1217.530010663285,1625.2146365474596,298.54271502073124
98.0%,420.2701348838689,1178.6659395950544,1598.9360744789233,289.0131057364825
98.4%,445.93111123215215,1183.5650869639428,1629.496198196095,290.2143942008201
98.8%,456.33745320890637,1290.4366413001997,1746.774094509106,316.41968171784004
99.2%,423.33588186677537,1237.6289108598287,1660.9647927266042,303.4710372641705
99.6%,417.04647842313796,1326.2754427358193,1743.3219211589571,325.2074840635497
100.0%,493.78849820658127,1245.1077810699758,1738.896279276557,305.30488299961047
