#"Progress (%)","Potential Energy (kJ/mole)","Kinetic Energy (kJ/mole)","Total Energy (kJ/mole)","Temperature (K)"
0.0%,18.473815696663223,19.884376116655176,38.3581918133184,265.7267493450504
0.0%,10.504540790585452,16.658158979420012,27.162699770005464,222.61289012566428
0.0%,6.183789487724425,18.570468244258922,24.754257731983348,248.1682166647976
0.0%,17.41281959367916,18.093451148066713,35.50627074174587,241.79355338094433
0.0%,15.388489280090653,21.480207152940444,36.8686964330311,287.052789009973
0.0%,19.73040121025406,19.35399609650522,39.08439730675928,258.63896555715667
0.0%,21.27851443272084,16.258979531885924,37.53749396460677,217.27841765459996
0.0%,13.191934908245457,22.237097691592314,35.42903259983777,297.16756763144167
0.0%,17.22111139819026,18.460611666803104,35.68172306499336,246.70013785507038
0.0%,19.773892298457213,12.046285671644627,31.820177970101838,160.9816830273496
0.0%,13.673000150825828,19.59857131632453,33.27157146715036,261.907369743019
0.0%,20.310235357028432,11.515351858141658,31.82558721517009,153.88649856936985
0.0%,22.953611846081913,19.70073810975711,42.654349955839024,263.27268539338564
0.0%,18.14444783795625,9.861420101997874,28.005867939954122,131.78402441477377
0.0%,9.52225187746808,15.100625933071887,24.62287781053997,201.7986492877576
0.0%,19.812452570942696,18.60614972091575,38.41860229185845,248.64504946801077
0.0%,13.957900842724484,28.58045301274052,42.538353855465004,381.93759911447523
0.0%,27.359999416628852,31.22042536704518,58.58042478367403,417.2171204811321
0.0%,18.68274465268769,24.502513335520263,43.18525798820795,327.44166481431364
0.0%,26.3030051458627,17.79691710179308,44.09992224765578,237.8307924814245
0.0%,21.770606220041373,14.663198741013323,36.4338049610547,195.95304944902313
0.0%,9.680726423859596,23.297872983933118,32.978599407792714,311.3433390293266
0.0%,18.964702263474464,31.34655007089746,50.31125233437193,418.90259994350765
0.0%,18.17763191634731,23.051660132918347,41.22929204926565,308.053050203401
0.0%,16.333351515233517,30.500968704240368,46.83432021947388,407.60259301594147
0.0%,12.68727081513498,21.6554143345808,34.34268514971578,289.39418682733793
0.0%,11.678750845370814,21.45671676157837,33.135467606949184,286.73887293330716
0.0%,25.9847748860484,19.491094240913387,45.47586912696178,260.47108963492974
0.0%,8.05002192221582,24.884752508531953,32.93477443074777,332.54975431739143
0.0%,17.61881782929413,20.016398997128128,37.63521682642226,267.49104965105107
0.0%,16.41406549263047,21.66031116262767,38.07437665525814,289.4596260541641
0.0%,14.865500647843874,29.449322240892943,44.31482288873681,393.5488155915917
0.0%,11.424649752909318,37.921588394054424,49.34623814696374,506.76874923487037
0.0%,32.26131744266604,24.132383222429368,56.39370066509541,322.4953958839056
0.0%,23.685349805979058,24.264224340089097,47.94957414606816,324.25726718528347
0.0%,26.426659391261637,26.04855276380581,52.475212155067446,348.1023095952928
0.0%,20.623004893828096,17.477878832684873,38.10088372651297,233.5672942620468
0.0%,15.948973508551717,28.970809132846387,44.9197826413981,387.15416021119455
0.0%,22.734413508325815,22.710002422358045,45.44441593068386,303.48727492922393
0.0%,24.053312263451517,18.362559231087403,42.41587149453892,245.38980481493675
0.0%,24.651780290994793,18.548109602024493,43.19988989301929,247.86942482512063
0.0%,13.53303295513615,23.43281023134626,36.96584318648241,313.1465857548112
0.0%,22.722072265809402,22.022909619308994,44.74498188511839,294.3052449785998
0.0%,23.879494827240705,17.655718657781183,41.535213485021885,235.943873660349
0.0%,15.54427202232182,30.832492432048895,46.376764454370715,412.03294184883873
0.0%,10.791421489790082,33.44093752107651,44.232359010866595,446.89114561072597
0.0%,10.413891979653272,22.714398975707383,33.128290955360654,303.5460286876012
0.0%,13.87416000990197,34.203963575892395,48.078123585794366,457.08791678535556
0.0%,15.748367253545439,22.30232160800492,38.050688861550356,298.0391936350032
0.0%,26.682044715620577,18.096158122764194,44.77820283838477,241.82972829448957
0.0%,14.51774943433702,27.93288629229596,42.45063572663298,373.2837797239017
0.0%,29.47287103929557,10.76070611975377,40.23357715904934,143.8017185494956
0.0%,24.17317932304286,17.79932025527253,41.97249957831539,237.86290725125812
0.0%,20.255809527414385,21.312992044850084,41.56880157226447,284.8181940267783
0.0%,32.868872463703156,24.988222721293443,57.857095184996595,333.932488335791
0.0%,31.052427295653615,24.422437337677525,55.47486463333114,326.37156160954225
0.0%,16.155599150806665,18.457785101803637,34.6133842526103,246.66236478516294
0.0%,8.100812989942767,24.219356560722865,32.32016955066563,323.6576723530707
0.0%,19.224568011413794,13.983740196098168,33.20830820751196,186.87304063226205
0.0%,14.63954549192158,13.058879775568041,27.698425267489622,174.5135805363771
0.0%,14.72995342221111,13.521146551358857,28.251099973569968,180.69112651219592
0.0%,12.212693811277859,10.411691317856558,22.624385129134417,139.13762608627914
0.0%,19.79587903531501,19.41826017938096,39.214139214695976,259.49776473405956
0.0%,36.54748061927967,16.974202715955105,53.52168333523477,226.83637062450634
0.0%,23.219040662923362,24.519103328203467,47.73814399112683,327.6633667576637
0.0%,15.640684747791965,24.874651087052843,40.515335834844805,332.4147630117723
0.0%,21.13743226171937,25.26801485031081,46.405447112030174,337.67151703349515
0.0%,17.490319546665887,24.417072766440686,41.90739231310657,326.299871652159
0.0%,20.530060256831348,20.44127495083273,40.97133520766408,273.16891982361517
0.0%,14.133550735889003,26.98615779070805,41.11970852659705,360.6320834492295
0.0%,14.938278005458415,23.36081030257163,38.29908830803004,312.18440786629634
0.0%,29.613148601958528,29.199738667455023,58.81288726941355,390.21348179632963
0.0%,13.89738803729415,27.33775068637841,41.23513872367256,365.3306285135147
0.0%,13.263870412134565,33.71744752898502,46.981317941119585,450.5863133711747
0.0%,11.021111623384058,30.322867645570064,41.34397926895412,405.22252259795476
0.0%,17.987422669524676,30.8580673871618,48.84549005668647,412.3747151912322
0.0%,24.721338936127722,35.73522190945239,60.456560845580114,477.55103300269565
0.0%,26.415629706927575,32.004161924602904,58.41979163153048,427.69065842674837
0.0%,7.8668274893425405,36.07881451305376,43.9456420023963,482.14266540385097
0.0%,24.15418676659465,26.428370683587918,50.58255745018256,353.1780424508065
0.0%,20.240555176045746,30.802477161236332,51.04303233728208,411.63182992574184
0.0%,16.156646225618715,16.674483128560688,32.8311293541794,222.83103944357737
0.0%,12.227816317732504,25.604944118297194,37.8327604360297,342.17410331611114
0.0%,14.797659117961302,18.654171211289093,33.4518303292504,249.28678921688453
0.0%,20.872576313093305,19.48995835913715,40.36253467223045,260.45591017089885
0.0%,24.265572708023683,27.227366318567803,51.492939026591486,363.85549652723864
0.0%,37.26732170573314,27.43845035614854,64.70577206188167,366.67633811743445
0.0%,31.638154062675312,18.371348635746266,50.00950269842158,245.50726285913063
0.0%,32.726351394783705,17.821032302246813,50.54738369703052,238.15305825374648
0.0%,22.62093126727268,35.41606472050675,58.036995987779434,473.2859455867725
0.0%,30.74378311354667,28.96702190824548,59.710805021792154,387.1035492754361
0.0%,24.88780526091432,24.730627080651804,49.61843234156612,330.4900845192677
0.0%,38.52215050696395,16.715595202548393,55.237745709512346,223.38044455015427
0.0%,25.32923228852451,25.27139523805149,50.600627526576,337.7166911662205
0.0%,23.232678233936895,21.471859749012317,44.70453798294921,286.9412376845364
0.0%,17.66124612796557,32.08055376302362,49.74179989098919,428.7115280170709
0.0%,7.53067803606973,30.238669375735764,37.7693474118055,404.0973310197888
0.0%,15.805523918010294,17.85815319469618,33.66367711270647,238.6491268266546
0.0%,22.72904961882159,18.06775786323711,40.796807482058696,241.4501987281399
0.0%,25.827991355210543,15.551874628255986,41.37986598346653,207.82895409661856
0.0%,8.167179813799521,28.16968525830696,36.33686507210648,376.4482652032156
0.0%,13.817238593648653,23.359393691264792,37.176632284913445,312.1654768465127
0.0%,22.871210556535516,15.13421965935479,38.00543021589031,202.24758224050262
0.0%,26.765595898672473,26.946233301346826,53.711829200019295,360.0985487426348
0.0%,33.18308766541304,24.103275441959156,57.286363107372196,322.1064112942146
0.0%,25.48476563487202,27.76631607110792,53.25108170597994,371.05780274809354
0.0%,10.031785178071004,47.95014159326926,57.98192677134026,640.7862726727407
0.0%,41.324910751071,17.631387022474293,58.956297773545295,235.6187155403045
0.0%,17.056020361022092,29.810147062360294,46.866167423382386,398.3707323733416
0.0%,16.367572143622965,17.460704612366023,33.82827675598899,233.33778493718341
0.0%,11.27798726425317,16.50917723344139,27.78716449769456,220.62195840930588
0.0%,17.679268735428195,17.594049386912182,35.27331812234038,235.1197505002176
0.0%,9.450157387240324,17.402004654304633,26.852162041544958,232.5533424708553
0.0%,8.105552486144006,27.245835233864238,35.35138772000825,364.10230763143716
0.1%,17.49008310586214,14.500875185418888,31.99095829128103,193.78382319232847
0.1%,15.198932229424827,17.624448913470967,32.8233811428958,235.52599746148528
0.1%,18.577412884798832,14.865754997910555,33.44316788270939,198.65992923187528
0.1%,20.63269796851091,20.480546436780887,41.113244405291795,273.693728057061
0.1%,18.743264282122254,31.935691009618758,50.67895529174101,426.7756408492957
0.1%,12.453782448137645,19.355739153772582,31.809521601910227,258.66225906854777
0.1%,13.546726305765333,16.272542492102577,29.81926879786791,217.4596675620008
0.1%,21.18111815671,14.704863257354953,35.88598141406495,196.5098371714813
0.1%,18.92815009470587,13.289923012075846,32.218073106781716,177.6011487776535
0.1%,12.138122580712661,19.123745500687946,31.261868081400607,255.56198984505286
0.1%,26.510631368495524,13.61847828259634,40.129109651091866,181.99182834956457
0.1%,17.694327517558122,33.769699477236145,51.46402699479427,451.2845872458118
0.1%,23.64639578052993,23.366407672567693,47.01280345309762,312.25920885201555
0.1%,20.637433238327503,28.117457353894135,48.75489059222164,375.750312640696
0.1%,19.502879155799747,32.0865149392932,51.58939409509295,428.7911907624895
0.1%,21.140035365708172,29.264552709553314,50.404588075261486,391.0796304055519
0.1%,22.51616341942463,15.629842918140582,38.14600633756521,208.87089074584904
0.1%,15.183234445285052,23.863559147331394,39.046793592616446,318.90293981677047
0.1%,17.84313919954002,18.515915337793142,36.359054537333165,247.43919371645705
0.1%,13.003832203961792,22.160050272524412,35.16388247648621,296.13793712685714
0.1%,10.944728824077174,19.20267316877015,30.147401992847325,256.6167472359725
0.1%,23.92826378456084,19.41925101865651,43.34751480321735,259.5110059088528
0.1%,22.866364336456172,14.686641357110858,37.55300569356703,196.26632707640235
0.1%,17.383686456480063,16.268050284486907,33.65173674096697,217.39963551874774
0.1%,19.73467261577025,21.92038445442525,41.6550570701955,292.9351401972985
0.1%,19.71213355846703,23.427079605328927,43.13921316379596,313.0700039895919
0.1%,26.722453516558744,19.986126214602752,46.70857973116149,267.08649644571517
0.1%,13.324998477161898,24.36767548874244,37.69267396590433,325.6397464386626
0.1%,17.139358857646585,24.54013375644794,41.67949261409453,327.94440888349925
0.1%,10.870272606262006,27.27873733183216,38.14900993809417,364.541997943487
0.1%,12.28884950838983,23.876918064236392,36.16576757262622,319.08146297199096
0.1%,12.227670280757593,15.47369849700936,27.70136877776695,206.7842399396007
0.1%,9.435848695226014,20.233521464198077,29.66937015942409,270.3925863674055
0.1%,12.610997149022296,23.556744495051912,36.16774164407421,314.8027930621851
0.1%,17.8473161397269,33.24090552870861,51.08822166843551,444.2179990767285
0.1%,19.69244413729757,31.296401160050365,50.988845297347936,418.2324302090179
0.1%,38.00729603273794,27.573002345145326,65.58029837788327,368.4744364054707
0.1%,24.90252805686032,29.31409823554785,54.216626292408165,391.74173674924003
0.1%,19.24477061367361,21.408490587115296,40.653261200788904,286.09439786915436
0.1%,9.935717699157067,20.017982581863112,29.95370028102018,267.51221203610515
0.1%,18.80204888130538,17.2520523848443,36.05410126614969,230.54944107174472
0.1%,28.84566454216838,11.329738720147304,40.17540326231568,151.40603976565302
0.1%,22.64693184569478,29.66828416708274,52.31521601277752,396.4749340946515
0.1%,13.779644222231582,27.26374597957524,41.04339020180682,364.341659583352
0.1%,24.43263177596964,26.292867208304752,50.725498984274395,351.3672288853865
0.1%,17.864138796925545,28.09074482294049,45.95488361986604,375.39333719547966
0.1%,15.886981848161668,27.634295152523492,43.52127700068516,369.2935286599766
0.1%,29.018868095474318,15.052775031806915,44.071643127281234,201.15918922264035
0.1%,20.534634443814866,16.741301480513908,37.27593592432878,223.72397283796488
0.1%,18.58764423453249,19.321320771137913,37.9089650056704,258.20230574229964
0.1%,19.449288494884968,16.099364153384162,35.548652648269126,215.14538237977297
0.1%,19.027061112225056,22.716967960678836,41.74402907290389,303.58035956233306
0.1%,28.77401307657783,24.356786417546523,53.13079949412435,325.4942293012225
0.1%,11.123992804903537,20.80168081735952,31.92567362226306,277.9852378612143
0.1%,10.962766303215176,17.63492496355876,28.597691266773936,235.665995152108
0.1%,10.050636828270399,11.551633192809149,21.602270021079548,154.3713476320979
0.1%,15.201862684261869,13.765011351588141,28.96687403585001,183.9500369383737
0.1%,12.199480681621935,21.18835187386245,33.38783255548439,283.1525532603772
0.1%,11.496666371821902,21.217777079177964,32.714443450999866,283.54577978714525
0.1%,22.622314471984282,25.500395703491755,48.12271017547604,340.7769606422629
0.1%,26.968749279156327,22.13949637602348,49.10824565517981,295.86326317824916
0.1%,24.302260626573116,15.172592526240145,39.47485315281326,202.76038169272962
0.1%,25.643400447443128,17.742158919492837,43.385559366935965,237.09902630996794
0.1%,19.85515655670315,20.029695092983527,39.88485164968668,267.66873329120693
0.1%,17.616608002223074,16.082101050367474,33.698709052590544,214.91468526253269
0.1%,26.475437712389976,9.3336814250332,35.809119137423174,124.7315384674767
0.1%,19.20049003791064,12.886244615194,32.08673465310464,172.2065541695588
0.1%,20.293816468911245,32.24285114752357,52.53666761643481,430.8804045338579
0.1%,31.22042391443756,19.36931715940232,50.58974107383988,258.8437100367558
0.1%,34.540433277375996,27.567169772222044,62.10760304959804,368.39649226308836
0.1%,18.187104590353556,38.66864571357294,56.8557503039265,516.752120698248
0.1%,16.918858652934432,26.977960756873074,43.896819409807506,360.52254160881876
0.1%,13.581109135819133,43.81899270095389,57.400101836773025,585.5792719715275
0.1%,25.622058135457337,16.857620659501723,42.47967879495906,225.27841523724277
0.1%,20.316073629481252,14.98411085696672,35.300184486447975,200.2415889987408
0.1%,8.457005519441736,10.608682781243196,19.065688300684933,141.77014022237069
0.1%,11.988427889533341,10.338568003683235,22.326995893216576,138.16043573026195
0.1%,18.463557698298246,14.811918175616201,33.275475873914445,197.940475742391
0.1%,22.109557954001502,17.38927415112167,39.49883210512317,232.38321718211157
0.1%,18.713075104402378,18.087178033426923,36.8002531378293,241.7097220174798
0.1%,14.03101031184633,19.84317524144523,33.87418555329156,265.17615753490355
0.1%,17.304029168284615,12.62241936614412,29.926448534428737,168.68090038922963
0.1%,20.437388177233515,13.991447944496507,34.42883612173002,186.97604386025594
0.1%,22.788495261920616,18.907183447527483,41.6956787094481,252.6679422732198
0.1%,13.306653785519302,21.636567722289392,34.943221507808694,289.14232833346404
0.1%,20.496750760212308,20.639005806027996,41.1357565662403,275.81131489238703
0.1%,25.50759732350707,14.484972810518872,39.99257013402594,193.571310294551
0.1%,17.9830463740509,10.884583653409045,28.867630027459946,145.45716773945168
0.1%,18.981828089337796,14.04666596011724,33.028494049455034,187.71395505797722
0.1%,16.706468662596308,15.794582929367683,32.50105159196399,211.07240953696558
0.1%,5.5187103734351695,24.40687572099612,29.92558609443129,326.1636024665928
0.1%,9.934163742378587,27.189609049241234,37.12377279161982,363.3509236714732
0.1%,13.99759097630158,35.45673550804322,49.4543264843448,473.82945351993396
0.1%,16.50539179023326,25.07214546441753,41.57753725465079,335.0539978865887
0.1%,32.762590986909345,20.123553571819958,52.8861445587293,268.9230199901387
0.1%,14.310101371258497,32.47006509044862,46.78016646170712,433.91679964654014
0.1%,14.733412556728581,11.980200793105766,26.713613349834347,160.09855147461832
0.1%,21.511902663391083,13.910052318986008,35.42195498237709,185.88830568577555
0.1%,20.63917333842255,15.745841944931765,36.38501528335432,210.42105476083125
0.1%,16.39399667851103,16.006529825669567,32.4005265041806,213.9047820216571
0.1%,30.967209807480685,19.15890470324058,50.126114510721266,256.0318431886561
0.1%,26.319230905734003,24.266353427697723,50.585584333431726,324.2857194498148
0.1%,33.56757266400382,20.162068238028027,53.729640902031846,269.43771439108633
0.1%,25.081154372543097,31.83738946034999,56.918543832893086,425.4619787565287
0.1%,24.708140548318624,36.25006342774045,60.958203976059075,484.43116654472647
0.1%,16.250841218978167,26.73831518826765,42.989156407245815,357.32001528529344
0.1%,13.323499642545357,25.379102182758366,38.702601825303724,339.156043154482
0.1%,10.337050210800953,18.994283808536125,29.331334019337078,253.8319162225066
0.1%,17.717590516374912,16.89736834928213,34.614958865657044,225.80958726584242
0.1%,13.522837597699436,12.638642765755788,26.161480363455226,168.89770333124017
0.1%,12.80022285974701,22.627701146117637,35.42792400586465,302.38743400517325
0.1%,12.34039281695732,25.394436659418744,37.73482947637606,339.36096689018103
0.1%,15.016868838574737,20.661356935364264,35.678225773939005,276.1100063327356
0.1%,16.58294216892682,17.92458853193009,34.50753070085691,239.5369417674524
0.1%,9.165393818548182,18.444439698912298,27.60983351746048,246.48402222574788
0.1%,15.572186953388155,15.534175115647608,31.10636206903576,207.59242497833878
0.1%,25.6653365274517,22.158979262871167,47.82431579032287,296.123624587605
0.1%,19.002991621848196,23.355242489456828,42.35823411130502,312.1100018667681
0.1%,11.82540581143985,25.87700653607659,37.70241234751644,345.8098352833273
0.1%,9.275599289918318,27.265333005122514,36.54093229504083,364.362867950028
0.1%,13.613248443502016,21.297243279387736,34.91049172288975,284.6077339033148
0.1%,19.811850098729792,17.573661564875742,37.385511663605534,234.84729590349377
0.1%,15.249800761288498,18.048910298698797,33.2987110599873,241.19832750882404
0.1%,11.005294659174979,27.25659989669294,38.26189455586792,364.2461622258426
0.1%,11.347746794226623,24.172091619068286,35.519838413294906,323.02604281487595
0.1%,17.144854952293826,24.872851222808023,42.01770617510185,332.39071035494106
0.1%,15.886784959584475,16.3098719903197,32.196656949904174,217.95852385790488
0.1%,9.149929539882578,23.075376981949095,32.22530652183167,308.36999256863663
0.1%,9.679678986081854,15.635419407568982,25.315098393650835,208.94541269211845
0.1%,16.54359135867344,21.680579334825556,38.22417069349899,289.7304816989032
0.1%,23.582697231322527,16.834803157722718,40.417500389045244,224.97349138444804
0.1%,28.837078795186244,28.478272610225602,57.315351405411846,380.5721015978438
0.1%,26.960151519073406,26.14930693617469,53.109458455248095,349.448747549869
0.1%,19.776300820219603,13.245336511848253,33.021637332067854,177.00531284593285
0.1%,24.1629394806223,29.764499774268167,53.927439254890466,397.76072050221336
0.1%,10.812082710675895,30.086893757067404,40.898976467743296,402.06906312030986
0.1%,17.95372250616856,20.971368875165,38.92509138133356,280.25288034286876
0.1%,15.439258693293887,23.918056164481488,39.35731485777538,319.6312158829311
0.1%,17.55179721674358,22.988209810448488,40.54000702719207,307.2051257909932
0.1%,13.865197365463246,25.378129936301615,39.243327301764865,339.14305044658914
0.1%,17.413242112828243,33.78189982606082,51.195141938889066,451.44762776642136
0.1%,17.205437754048035,24.756816160765478,41.962253914813516,330.8400647794537
0.1%,40.75665207114071,21.983711963321593,62.7403640344623,293.7814233788488
0.1%,23.29473370825872,20.82919330824556,44.12392701650428,278.35290364698704
0.1%,13.382681158866035,25.292787362944477,38.675468521810515,338.0025668595814
0.1%,22.761709078215063,25.637915960421747,48.39962503863681,342.61472566082415
0.1%,17.508745301049203,34.65895905316406,52.167704354213264,463.16829207260577
0.1%,33.344979299232364,26.08855358863081,59.43353288786317,348.63686441810995
0.1%,20.268932885490358,43.5927128923916,63.86164577788196,582.5553602521494
0.1%,22.703332000412047,23.1430363264264,45.846368326838444,309.27416464651805
0.1%,19.982220764795784,30.601355404328253,50.583576169124036,408.944120219779
0.1%,33.16055577359657,12.075433010445755,45.23598878404233,161.371196258554
0.1%,16.83089685737923,23.724229318907135,40.555126176286365,317.0409924176277
0.1%,18.24222262663625,33.71704472053953,51.95926734717578,450.58093040224475
0.1%,18.667375024640933,18.132131768338574,36.79950679297951,242.31046552478992
0.1%,15.391613001585938,18.535038228048155,33.92665122963409,247.69474427714528
0.1%,17.235697069644743,22.137175059974663,39.37287212961941,295.83224205069473
0.1%,19.40674831601791,19.22069895169687,38.627447267714786,256.85763649864873
0.1%,14.420015557436273,14.665511797390927,29.0855273548272,195.98396019767657
0.1%,15.836987654911354,12.064389880265695,27.901377535177048,161.22362033924298
0.1%,18.891998373772367,20.84404414533989,39.73604251911226,278.55136421939716
0.1%,11.146294889622368,36.75346045283102,47.89975534245339,491.15836051463145
0.1%,13.514281571580796,30.360980438300594,43.87526200988139,405.7318465245055
0.1%,28.787573467940092,21.355154785284494,50.14272825322459,285.38163981423406
0.1%,14.987238042405806,18.67840409432593,33.665642136731734,249.61062765158624
0.1%,22.211907845921814,11.790237111366725,34.002144957288536,157.55995376624708
0.1%,14.308398674475029,22.55964749881273,36.86804617328776,301.4779926239946
0.1%,10.96881344052963,23.457585583451294,34.42639902398092,313.4776735264429
0.1%,13.927730115377926,12.286800277839937,26.214530393217863,164.19582281727
0.1%,11.263050776469754,7.667175124666122,18.930225901135877,102.46102319651125
0.1%,11.773365228902549,15.8501272188666,27.62349244776915,211.81468092665554
0.1%,5.308076123241335,16.917324332117552,22.225400455358887,226.07627093837672
0.1%,10.791706759482622,12.138923985373246,22.93063074485587,162.21966393394158
0.1%,13.224037278618198,21.920402009058723,35.14443928767692,292.9353747903107
0.1%,16.97512957872823,24.302079741060393,41.277209319788625,324.76315143260615
0.1%,12.97303705046943,16.602520316065768,29.575557366535197,221.8693575619927
0.1%,8.565257319976809,33.05541296735338,41.620670287330185,441.73915161038394
0.1%,11.49852103809826,34.936630691001966,46.43515172910023,466.87898338497644
0.1%,14.884569359011948,22.155591381101786,37.040160740113734,296.078350307715
0.1%,23.17162869835738,24.971639894089524,48.1432685924469,333.71088214900414
0.1%,31.651119688525796,15.579264862645289,47.230384551171085,208.19498609608232
0.1%,37.43026768998243,38.80223788995612,76.23250557993855,518.5373924392354
0.1%,13.293942068525212,30.16807073797315,43.462012806498365,403.15387941684236
0.1%,20.194362481241114,25.85511442586455,46.049476907105664,345.5172779886543
0.1%,8.24441032053437,16.75208407678833,24.9964943973227,223.86806708767594
0.1%,15.877156063914299,18.168473831067775,34.04562989498207,242.79612613274006
0.1%,7.815745385130867,36.18232888985183,43.9980742749827,483.52598961254927
0.1%,13.367540465113052,27.164425720812535,40.53196618592558,363.01438386948047
0.1%,11.869449452962726,22.515951859030807,34.38540131199353,300.89406179047563
0.1%,9.677078642416745,25.58393508397799,35.26101372639474,341.89334709002844
0.1%,15.905620526697021,20.84263036897827,36.74825089567529,278.53247108467315
0.1%,18.563329227268696,23.614169319051307,42.17749854632,315.5701951533319
0.1%,20.13427175814286,25.782962687301136,45.917234445443995,344.5530713756045
0.1%,24.1902892049402,27.182060464026186,51.372349668966386,363.25004743580047
0.1%,20.02750845589253,37.890557787549824,57.918066243442354,506.3540687767912
0.1%,29.267700904980302,44.06774802798828,73.33544893296857,588.9035374172885
0.1%,30.719067214988172,26.959704409654734,57.678771624642906,360.2785711783268
0.1%,16.395594334695488,26.73449026580139,43.13008460049688,357.2689005705298
0.1%,7.150132028575172,18.48173486969457,25.63186689826974,246.98241978371507
0.1%,9.081933945883065,15.347006025736235,24.4289399716193,205.09117306335605
0.1%,14.526982317513102,25.110709533594065,39.637691851107164,335.56935248879904
0.1%,12.039585159625858,32.11940479496773,44.158989954593586,429.2307174734885
0.1%,14.824925981462002,23.883710702650014,38.708636684112015,319.17223704076423
0.1%,8.995748974208254,34.00218360717039,42.99793258137864,454.391411003284
0.1%,18.29829556321056,29.630421164082918,47.92871672729348,395.96894825689833
0.1%,26.148254178464413,18.919573665052198,45.06782784351661,252.83352012224086
0.1%,28.632419164292514,20.60336340228208,49.2357825665746,275.33500424373096
0.1%,34.489949884824455,32.963781017501994,67.45373090232644,440.5146193430748
0.1%,26.357178397476673,34.03338852714278,60.390566924619456,454.8084209159507
0.1%,21.47373871714808,37.85628131432551,59.33002003147359,505.8960118704303
0.1%,28.550951226390666,29.959097945374857,58.51004917176552,400.36125164954774
0.1%,24.7895718436921,22.950927404945134,47.740499248637235,306.70689882304356
0.1%,30.799147078418173,16.403394783166533,47.202541861584706,219.2083245852228
0.1%,28.32525700237602,31.15637499962616,59.48163200200218,416.361177311039
0.1%,21.32565968464769,43.191423909331874,64.51708359397956,577.1926968026721
0.1%,28.264205422431587,25.679241005118644,53.94344642755023,343.16697682170656
0.1%,31.623201364651322,23.825707652909287,55.44890901756061,318.39710777498897
0.1%,22.42203967203386,33.20347565666603,55.62551532869989,443.717801425672
0.1%,33.08414621464908,14.531074586461438,47.61522080111052,194.1873957572471
0.1%,20.119409802528935,28.778451445236364,48.8978612477653,384.58356997792447
0.1%,23.74198499934937,34.444479213691764,58.186464213041134,460.30207036121476
0.1%,24.255591158289462,44.69266540974325,68.94825656803272,597.254680218489
0.1%,18.815474887844175,20.595008276528446,39.41048316437262,275.2233497269456
0.1%,11.515608582063578,17.956815852357888,29.472424434421466,239.9676146257377
0.1%,14.661208459176123,17.647258329668997,32.308466788845124,235.83081326185047
0.1%,16.64387703331886,20.483867225281294,37.12774425860015,273.7381057296768
0.1%,18.495867373479996,9.51542893545604,28.011296308936036,127.16033858988862
0.1%,12.432238260531449,25.297188150160167,37.729426410691616,338.061377197634
0.1%,12.275319713749923,14.770030961020431,27.045350674770354,197.3807119706562
0.1%,6.389729764312506,26.02092737420674,32.41065713851924,347.7331350768425
0.1%,22.915059620514512,9.062781544884862,31.977841165399376,121.11134218233971
0.1%,19.679554716632992,16.210183279602607,35.889737996235596,216.6263243013362
0.1%,19.407810593023896,24.414030360092568,43.821840953116464,326.2592141658829
0.1%,21.720475448295474,12.798817978532226,34.5192934268277,171.03822000458368
0.1%,13.810283510072622,17.636227120469165,31.446510630541788,235.68339664969128
0.1%,13.405481728259474,13.961955826755132,27.367437555014604,186.58192314292788
0.1%,21.269067164044827,13.250246461828919,34.51931362587375,177.07092742896805
0.1%,15.705665641464293,31.180499612764685,46.88616525422898,416.68356887066847
0.1%,15.834782676481154,24.988085733462764,40.82286840994392,333.9306576859012
0.1%,8.051405245438218,19.20631980682734,27.25772505226556,256.6654794300977
0.1%,29.21880991704529,14.15543653100695,43.37424644805224,189.1675209157825
0.1%,27.24290668964386,24.181354305548588,51.42426099519245,323.14982560565466
0.1%,28.97518087166827,32.284646112476594,61.259826984144865,431.4389355187278
0.1%,19.868564247375616,25.70987833338657,45.578442580762186,343.57640166870664
0.1%,18.78450736729428,37.08921513015804,55.87372249745232,495.6452500433794
0.1%,26.270164635410765,20.668752810826206,46.93891744623697,276.2088418171146
0.1%,19.50442869249673,21.076801526964474,40.581230219461204,281.66183960179353
0.1%,11.36637919023633,20.820103891439555,32.18648308167589,278.2314363619622
0.1%,16.231976931681857,16.577124124383133,32.80910105606499,221.52997314168303
0.1%,9.849910752149299,17.14868501922155,26.998595771370848,229.1680814608546
0.1%,18.149115677690133,16.34710303026972,34.496218707959855,218.45606439740254
0.2%,12.687140360241756,26.683699917445466,39.37084027768722,356.5901589249512
0.2%,23.23704942574841,13.981213806999584,37.218263232747994,186.83927899152417
0.2%,5.142320991144516,30.879564969499185,36.0218859606437,412.66200017517025
0.2%,25.842655313365412,27.17369131340324,53.01634662676865,363.1382054963417
0.2%,26.788404604871175,26.95138180837431,53.73978641324548,360.16735130542924
0.2%,13.40741415321827,30.063284044447332,43.4706981976656,401.75355248267675
0.2%,12.404855078173568,19.328095792651492,31.73295087082506,258.2928443859555
0.2%,17.89166527800262,25.043934855335,42.935600133337616,334.67700273197255
0.2%,16.989684073199896,26.523484031030424,43.51316810423032,354.449098705574
0.2%,16.48974000522867,24.58704421582595,41.07678422105462,328.5713012641137
0.2%,23.562117078632582,22.118635456863693,45.680752535496275,295.58448630317105
0.2%,16.63075533648953,25.605710596502053,42.23646593299158,342.1843462204208
0.2%,24.89224059827393,27.49093937766123,52.383179975935164,367.37778014312556
0.2%,22.25199813238578,30.544873751869723,52.7968718842555,408.1893222911243
0.2%,16.746178946690634,14.032836354222248,30.77901530091288,187.52914180572128
0.2%,13.03471962850017,18.09601544528128,31.13073507378145,241.82782161039162
0.2%,8.772540168778505,12.618513511926722,21.391053680705227,168.62870413532073
0.2%,17.744994749124377,16.73524164904785,34.480236398172224,223.64299170445548
0.2%,23.860982562764548,16.09906035927887,39.960042922043414,215.14132259838502
0.2%,16.401416381588206,27.128030501627023,43.52944688321523,362.52801290017635
0.2%,20.81631914351601,12.819702376387246,33.63602151990326,171.3173106394362
0.2%,13.366490666754544,13.824711107148767,27.19120177390331,184.74784029356832
0.2%,19.24893886502832,18.38072660174947,37.629665466777794,245.63258619876575
0.2%,22.438451801252086,16.306836019611712,38.745287820863794,217.91795237491704
0.2%,11.204512280819472,32.342172677822155,43.54668495864163,432.20769724002
0.2%,12.659413223154843,29.43832519501913,42.097738418173975,393.40185552428534
0.2%,16.485869929078035,16.102150979737797,32.588020908815835,215.18262439851148
0.2%,17.593056951416656,33.913736140239656,51.50679309165631,453.20943487602597
0.2%,18.540442116354825,21.79081680709986,40.33125892345468,291.203650632724
0.2%,14.615205920068547,25.289934587080637,39.905140507149184,337.96444351829774
0.2%,28.705208846135065,12.78475112154941,41.48995996768448,170.85023622487563
0.2%,24.5449047962029,14.831758855839997,39.37666365204289,198.20561855752047
0.2%,6.650259302783525,27.14440248423575,33.79466178701928,362.74680144518413
0.2%,17.62399774696678,22.9557783566885,40.57977610365528,306.7717249775295
0.2%,22.437832885276293,18.669394900255515,41.107227785531805,249.49023243071002
0.2%,24.734251559595577,15.829195014993667,40.56344657458924,211.53495143154083
0.2%,19.190050340257585,24.284865720060875,43.47491606031846,324.5331102275654
0.2%,16.589350003749132,28.540909872066813,45.130259875815945,381.4091605972961
0.2%,31.957815647125244,19.577269504630912,51.53508515175616,261.6227009586781
0.2%,20.808635021268856,18.15618094599347,38.964815967262325,242.63184899516713
0.2%,16.223719617803,18.183389342894042,34.407108960697045,242.9954509920748
0.2%,10.994198359316215,28.150867886752643,39.14506624606886,376.1967974707099
0.2%,32.409500300651416,24.370309413943147,56.77980971459456,325.6749451483177
0.2%,21.620046525262296,37.12868055741274,58.74872708267504,496.1726500299006
0.2%,26.444532865512883,29.96590971800431,56.410442583517195,400.4522814202321
